16:58:13 **** Build of configuration Debug for project DeviceMem_sharing ****
make all 
Building file: ../src/init.S
Invoking: GNU Arm Cross Assembler
aarch64-none-elf-gcc -mcpu=generic+simd -mcmodel=small -O0 -fmessage-length=0 -fsigned-char -ffunction-sections -fdata-sections -g3 -x assembler-with-cpp -MMD -MP -MF"src/init.d" -MT"src/init.o" -c -o "src/init.o" "../src/init.S"
Finished building: ../src/init.S
 
Building file: ../src/main.c
Invoking: GNU Arm Cross C Compiler
aarch64-none-elf-gcc -mcpu=generic+simd -mcmodel=small -O0 -fmessage-length=0 -fsigned-char -ffunction-sections -fdata-sections -g3 -std=gnu11 -MMD -MP -MF"src/main.d" -MT"src/main.o" -c -o "src/main.o" "../src/main.c"
Finished building: ../src/main.c
 
Building target: DeviceMem_sharing.elf
Invoking: GNU Arm Cross C Linker
aarch64-none-elf-gcc -mcpu=generic+simd -mcmodel=small -O0 -fmessage-length=0 -fsigned-char -ffunction-sections -fdata-sections -g3 -T "/home/99june18/CXL_MemoryCoherency/riscfree/DeviceMem_sharing/src/link.ld" -nostartfiles -Xlinker --gc-sections -Xlinker --no-warn-rwx-segments -Wl,-Map,"DeviceMem_sharing.map" --specs=nosys.specs -o "DeviceMem_sharing.elf" ./src/init.o ./src/main.o   
Finished building target: DeviceMem_sharing.elf
 
Invoking: GNU Arm Cross Create Flash Image
aarch64-none-elf-objcopy -O ihex "DeviceMem_sharing.elf"  "DeviceMem_sharing.hex"
Finished building: DeviceMem_sharing.hex
 
Invoking: GNU Arm Cross Print Size
aarch64-none-elf-size --format=berkeley "DeviceMem_sharing.elf"
   text	   data	    bss	    dec	    hex	filename
   1184	      0	   4096	   5280	   14a0	DeviceMem_sharing.elf
Finished building: DeviceMem_sharing.siz
 
