16:56:21 **** Build of configuration Debug for project HostMem_sharing ****
make all 
Building file: ../src/init.S
Invoking: GNU Arm Cross Assembler
aarch64-none-elf-gcc -mcpu=generic+simd -mcmodel=small -O0 -fmessage-length=0 -fsigned-char -ffunction-sections -fdata-sections -g3 -x assembler-with-cpp -MMD -MP -MF"src/init.d" -MT"src/init.o" -c -o "src/init.o" "../src/init.S"
Finished building: ../src/init.S
 
Building file: ../src/main.c
Invoking: GNU Arm Cross C Compiler
aarch64-none-elf-gcc -mcpu=generic+simd -mcmodel=small -O0 -fmessage-length=0 -fsigned-char -ffunction-sections -fdata-sections -g3 -std=gnu11 -MMD -MP -MF"src/main.d" -MT"src/main.o" -c -o "src/main.o" "../src/main.c"
Finished building: ../src/main.c
 
Building target: HostMem_sharing.elf
Invoking: GNU Arm Cross C Linker
aarch64-none-elf-gcc -mcpu=generic+simd -mcmodel=small -O0 -fmessage-length=0 -fsigned-char -ffunction-sections -fdata-sections -g3 -T "/home/99june18/CXL_MemoryCoherency/riscfree/HostMem_sharing/src/link.ld" -nostartfiles -Xlinker --gc-sections -Xlinker --no-warn-rwx-segments -Wl,-Map,"HostMem_sharing.map" --specs=nosys.specs -o "HostMem_sharing.elf" ./src/init.o ./src/main.o   
Finished building target: HostMem_sharing.elf
 
Invoking: GNU Arm Cross Create Flash Image
aarch64-none-elf-objcopy -O ihex "HostMem_sharing.elf"  "HostMem_sharing.hex"
Finished building: HostMem_sharing.hex
 
Invoking: GNU Arm Cross Print Size
aarch64-none-elf-size --format=berkeley "HostMem_sharing.elf"
   text	   data	    bss	    dec	    hex	filename
    848	      0	   4096	   4944	   1350	HostMem_sharing.elf
Finished building: HostMem_sharing.siz
 

16:56:21 Build Finished. 0 errors, 0 warnings. (took 125ms)

