
Discarded input sections

 .data          0x0000000000000000        0x0 ./src/init.o
 .bss           0x0000000000000000        0x0 ./src/init.o
 .group         0x0000000000000000        0xc ./src/main.o
 .group         0x0000000000000000        0xc ./src/main.o
 .group         0x0000000000000000        0xc ./src/main.o
 .group         0x0000000000000000        0xc ./src/main.o
 .group         0x0000000000000000        0xc ./src/main.o
 .group         0x0000000000000000        0xc ./src/main.o
 .group         0x0000000000000000        0xc ./src/main.o
 .group         0x0000000000000000        0xc ./src/main.o
 .text          0x0000000000000000        0x0 ./src/main.o
 .data          0x0000000000000000        0x0 ./src/main.o
 .bss           0x0000000000000000        0x0 ./src/main.o

Memory Configuration

Name             Origin             Length             Attributes
RAM              0x000000007fe00300 0x0000000000010000 axw !rl
*default*        0x0000000000000000 0xffffffffffffffff

Linker script and memory map

LOAD ./src/init.o
LOAD ./src/main.o
LOAD /tools/Xilinx/Vitis/2024.1/gnu/aarch64/lin/aarch64-none/bin/../aarch64-xilinx-elf/usr/lib64/aarch64-xilinx-elf/12.2.0/libgcc.a
LOAD /tools/Xilinx/Vitis/2024.1/gnu/aarch64/lin/aarch64-none/bin/../aarch64-xilinx-elf/usr/lib64/libg.a
LOAD /tools/Xilinx/Vitis/2024.1/gnu/aarch64/lin/aarch64-none/bin/../aarch64-xilinx-elf/usr/lib64/libc.a
LOAD /tools/Xilinx/Vitis/2024.1/gnu/aarch64/lin/aarch64-none/bin/../aarch64-xilinx-elf/usr/lib64/aarch64-xilinx-elf/12.2.0/libgcc.a
START GROUP
LOAD /tools/Xilinx/Vitis/2024.1/gnu/aarch64/lin/aarch64-none/bin/../aarch64-xilinx-elf/usr/lib64/aarch64-xilinx-elf/12.2.0/libgcc.a
LOAD /tools/Xilinx/Vitis/2024.1/gnu/aarch64/lin/aarch64-none/bin/../aarch64-xilinx-elf/usr/lib64/libc.a
LOAD /tools/Xilinx/Vitis/2024.1/gnu/aarch64/lin/aarch64-none/bin/../aarch64-xilinx-elf/usr/lib64/libnosys.a
END GROUP
                0x0000000000001000                __stack_size = DEFINED (__stack_size)?__stack_size:0x1000

.text.init      0x000000007fe00300        0x0
 *(.text.init)
                0x000000007fe00300                . = ALIGN (0x10)

.note.gnu.build-id
                0x000000007fe00300       0x30
 *(.note.gnu.build-id)
 .note.gnu.build-id
                0x000000007fe00300       0x24 ./src/init.o
                0x000000007fe00330                . = ALIGN (0x10)
 *fill*         0x000000007fe00324        0xc 

.text           0x000000007fe00330      0x530
 *(.text.unlikely .text.unlikely.*)
 *(.text.startup .text.startup.*)
 *(.text .text.*)
 .text          0x000000007fe00330       0x90 ./src/init.o
                0x000000007fe00330                _start
 .text.read_counter
                0x000000007fe003c0       0x18 ./src/main.o
 .text.read_counter_freq
                0x000000007fe003d8       0x18 ./src/main.o
 .text.measure_overhead
                0x000000007fe003f0       0x74 ./src/main.o
 .text.warmup_reads
                0x000000007fe00464       0x74 ./src/main.o
 .text.measure_read_once_cycles
                0x000000007fe004d8       0x80 ./src/main.o
 .text.main     0x000000007fe00558      0x2fc ./src/main.o
                0x000000007fe00558                main
 *(.gnu.linkonce.t.*)
                0x000000007fe00860                . = ALIGN (0x10)
 *fill*         0x000000007fe00854        0xc 

.iplt           0x000000007fe00860        0x0
 .iplt          0x000000007fe00860        0x0 ./src/init.o

.rela.dyn       0x000000007fe00860        0x0
 .rela.iplt     0x000000007fe00860        0x0 ./src/init.o
 .rela.text     0x000000007fe00860        0x0 ./src/init.o

.rodata         0x000000007fe00860        0x0
 *(.rdata)
 *(.rodata .rodata.*)
 *(.gnu.linkonce.r.*)
                0x000000007fe00860                . = ALIGN (0x10)

.data           0x000000007fe00860        0x0
 *(.data .data.*)
 *(.gnu.linkonce.d.*)
                0x000000007fe00860                . = ALIGN (0x10)

.igot.plt       0x000000007fe00860        0x0
 .igot.plt      0x000000007fe00860        0x0 ./src/init.o

.sdata          0x000000007fe00860        0x0
                0x000000007fe00860                . = ALIGN (0x10)
 *(.sdata .sdata.*)
 *(.gnu.linkonce.s.*)
                0x000000007fe00860                . = ALIGN (0x10)
 *(.srodata .srodata.*)
                0x000000007fe00860                . = ALIGN (0x10)

.sbss           0x000000007fe00860        0x0
 *(.sbss .sbss.* .gnu.linkonce.sb.*)
 *(.scommon)
                0x000000007fe00860                . = ALIGN (0x10)

.bss            0x000000007fe00860        0x0
                0x000000007fe00860                __bss_start__ = .
 *(.bss)
                0x000000007fe00860                __bss_end__ = .
                0x000000007fe00860                . = ALIGN (0x10)
                0x000000007fe00860                _end = .

.bss.g_test_addr
                0x000000007fe00860      0x320
 .bss.g_test_addr
                0x000000007fe00860      0x320 ./src/main.o
                0x000000007fe00860                g_test_addr

.bss.g_read_value
                0x000000007fe00b80      0x190
 .bss.g_read_value
                0x000000007fe00b80      0x190 ./src/main.o
                0x000000007fe00b80                g_read_value

.bss.g_latency_raw
                0x000000007fe00d10      0x320
 .bss.g_latency_raw
                0x000000007fe00d10      0x320 ./src/main.o
                0x000000007fe00d10                g_latency_raw

.bss.g_latency_cycles
                0x000000007fe01030      0x320
 .bss.g_latency_cycles
                0x000000007fe01030      0x320 ./src/main.o
                0x000000007fe01030                g_latency_cycles

.bss.g_latency_ns
                0x000000007fe01350      0x320
 .bss.g_latency_ns
                0x000000007fe01350      0x320 ./src/main.o
                0x000000007fe01350                g_latency_ns

.bss.g_timer_freq_hz
                0x000000007fe01670        0x8
 .bss.g_timer_freq_hz
                0x000000007fe01670        0x8 ./src/main.o
                0x000000007fe01670                g_timer_freq_hz

.bss.g_timer_overhead
                0x000000007fe01678        0x8
 .bss.g_timer_overhead
                0x000000007fe01678        0x8 ./src/main.o
                0x000000007fe01678                g_timer_overhead

.bss.g_min_cycles
                0x000000007fe01680        0x8
 .bss.g_min_cycles
                0x000000007fe01680        0x8 ./src/main.o
                0x000000007fe01680                g_min_cycles

.bss.g_max_cycles
                0x000000007fe01688        0x8
 .bss.g_max_cycles
                0x000000007fe01688        0x8 ./src/main.o
                0x000000007fe01688                g_max_cycles

.bss.g_avg_cycles
                0x000000007fe01690        0x8
 .bss.g_avg_cycles
                0x000000007fe01690        0x8 ./src/main.o
                0x000000007fe01690                g_avg_cycles

.bss.g_min_ns   0x000000007fe01698        0x8
 .bss.g_min_ns  0x000000007fe01698        0x8 ./src/main.o
                0x000000007fe01698                g_min_ns

.bss.g_max_ns   0x000000007fe016a0        0x8
 .bss.g_max_ns  0x000000007fe016a0        0x8 ./src/main.o
                0x000000007fe016a0                g_max_ns

.bss.g_avg_ns   0x000000007fe016a8        0x8
 .bss.g_avg_ns  0x000000007fe016a8        0x8 ./src/main.o
                0x000000007fe016a8                g_avg_ns

.bss.g_sink     0x000000007fe016b0        0x4
 .bss.g_sink    0x000000007fe016b0        0x4 ./src/main.o
                0x000000007fe016b0                g_sink

.stack          0x000000007fe016c0     0x1000
                0x000000007fe016c0                _heap_end = .
                0x000000007fe026c0                . = (. + __stack_size)
 *fill*         0x000000007fe016c0     0x1000 
                0x000000007fe026c0                _sp = .
                0x000000007fe026c0                __stack_start__ = .
                0x000000007fe026c0                __alt_stack_pointer = .
OUTPUT(Latency_hostmem.elf elf64-littleaarch64)
LOAD linker stubs

.debug_line     0x0000000000000000      0x2a4
 .debug_line    0x0000000000000000       0x6e ./src/init.o
 .debug_line    0x000000000000006e      0x236 ./src/main.o

.debug_line_str
                0x0000000000000000      0x24d
 .debug_line_str
                0x0000000000000000       0x56 ./src/init.o
 .debug_line_str
                0x0000000000000056      0x1f7 ./src/main.o
                                        0x2ae (size before relaxing)

.debug_info     0x0000000000000000      0x4b0
 .debug_info    0x0000000000000000       0x29 ./src/init.o
 .debug_info    0x0000000000000029      0x487 ./src/main.o

.debug_abbrev   0x0000000000000000      0x156
 .debug_abbrev  0x0000000000000000       0x14 ./src/init.o
 .debug_abbrev  0x0000000000000014      0x142 ./src/main.o

.debug_aranges  0x0000000000000000       0xb0
 .debug_aranges
                0x0000000000000000       0x30 ./src/init.o
 .debug_aranges
                0x0000000000000030       0x80 ./src/main.o

.debug_str      0x0000000000000000     0x3de7
 .debug_str     0x0000000000000000       0x64 ./src/init.o
 .debug_str     0x0000000000000064     0x3d83 ./src/main.o
                                       0x3ee6 (size before relaxing)

.debug_rnglists
                0x0000000000000000       0x4b
 .debug_rnglists
                0x0000000000000000       0x4b ./src/main.o

.debug_macro    0x0000000000000000      0xe51
 .debug_macro   0x0000000000000000       0x7e ./src/main.o
 .debug_macro   0x000000000000007e      0x96a ./src/main.o
 .debug_macro   0x00000000000009e8       0x22 ./src/main.o
 .debug_macro   0x0000000000000a0a       0x8e ./src/main.o
 .debug_macro   0x0000000000000a98       0x51 ./src/main.o
 .debug_macro   0x0000000000000ae9       0xfd ./src/main.o
 .debug_macro   0x0000000000000be6       0x6a ./src/main.o
 .debug_macro   0x0000000000000c50      0x1df ./src/main.o
 .debug_macro   0x0000000000000e2f       0x22 ./src/main.o

.comment        0x0000000000000000       0x12
 .comment       0x0000000000000000       0x12 ./src/main.o
                                         0x13 (size before relaxing)

.debug_frame    0x0000000000000000       0xe8
 .debug_frame   0x0000000000000000       0xe8 ./src/main.o
