15:45:23 **** Build of configuration Debug for project agilex7-a53-picojpeg ****
make all 
Building file: ../src/init.S
Invoking: GNU Arm Cross Assembler
aarch64-none-elf-gcc -mcpu=generic+simd -mcmodel=small -O0 -fmessage-length=0 -fsigned-char -ffunction-sections -fdata-sections -g3 -x assembler-with-cpp -MMD -MP -MF"src/init.d" -MT"src/init.o" -c -o "src/init.o" "../src/init.S"
Finished building: ../src/init.S
 
Building file: ../src/main.c
Invoking: GNU Arm Cross C Compiler
aarch64-none-elf-gcc -mcpu=generic+simd -mcmodel=small -O0 -fmessage-length=0 -fsigned-char -ffunction-sections -fdata-sections -g3 -std=gnu11 -MMD -MP -MF"src/main.d" -MT"src/main.o" -c -o "src/main.o" "../src/main.c"
Finished building: ../src/main.c
 
Building target: agilex7-a53-picojpeg.elf
Invoking: GNU Arm Cross C Linker
aarch64-none-elf-gcc -mcpu=generic+simd -mcmodel=small -O0 -fmessage-length=0 -fsigned-char -ffunction-sections -fdata-sections -g3 -T "/home/wjdtjarla4/CXL/now_testing/Riscfree_260306/agilex7-a53-picojpeg/src/link.ld" -nostartfiles -Xlinker --gc-sections -Xlinker --no-warn-rwx-segments -Wl,-Map,"agilex7-a53-picojpeg.map" --specs=nosys.specs -o "agilex7-a53-picojpeg.elf" ./src/init.o ./src/main.o   
Finished building target: agilex7-a53-picojpeg.elf
 
Invoking: GNU Arm Cross Create Flash Image
aarch64-none-elf-objcopy -O ihex "agilex7-a53-picojpeg.elf"  "agilex7-a53-picojpeg.hex"
Finished building: agilex7-a53-picojpeg.hex
 
Invoking: GNU Arm Cross Print Size
aarch64-none-elf-size --format=berkeley "agilex7-a53-picojpeg.elf"
   text	   data	    bss	    dec	    hex	filename
    336	      0	   4096	   4432	   1150	agilex7-a53-picojpeg.elf
Finished building: agilex7-a53-picojpeg.siz
 

15:45:23 Build Finished. 0 errors, 0 warnings. (took 269ms)

