
Discarded input sections

 .data          0x0000000000000000        0x0 ./src/init.o
 .bss           0x0000000000000000        0x0 ./src/init.o
 .group         0x0000000000000000        0xc ./src/main.o
 .group         0x0000000000000000        0xc ./src/main.o
 .group         0x0000000000000000        0xc ./src/main.o
 .group         0x0000000000000000        0xc ./src/main.o
 .group         0x0000000000000000        0xc ./src/main.o
 .group         0x0000000000000000        0xc ./src/main.o
 .group         0x0000000000000000        0xc ./src/main.o
 .group         0x0000000000000000        0xc ./src/main.o
 .text          0x0000000000000000        0x0 ./src/main.o
 .data          0x0000000000000000        0x0 ./src/main.o
 .bss           0x0000000000000000        0x0 ./src/main.o

Memory Configuration

Name             Origin             Length             Attributes
RAM              0x000000007fe00300 0x0000000000010000 axw !rl
*default*        0x0000000000000000 0xffffffffffffffff

Linker script and memory map

LOAD ./src/init.o
LOAD ./src/main.o
LOAD /tools/Xilinx/Vitis/2024.1/gnu/aarch64/lin/aarch64-none/bin/../aarch64-xilinx-elf/usr/lib64/aarch64-xilinx-elf/12.2.0/libgcc.a
LOAD /tools/Xilinx/Vitis/2024.1/gnu/aarch64/lin/aarch64-none/bin/../aarch64-xilinx-elf/usr/lib64/libg.a
LOAD /tools/Xilinx/Vitis/2024.1/gnu/aarch64/lin/aarch64-none/bin/../aarch64-xilinx-elf/usr/lib64/libc.a
LOAD /tools/Xilinx/Vitis/2024.1/gnu/aarch64/lin/aarch64-none/bin/../aarch64-xilinx-elf/usr/lib64/aarch64-xilinx-elf/12.2.0/libgcc.a
START GROUP
LOAD /tools/Xilinx/Vitis/2024.1/gnu/aarch64/lin/aarch64-none/bin/../aarch64-xilinx-elf/usr/lib64/aarch64-xilinx-elf/12.2.0/libgcc.a
LOAD /tools/Xilinx/Vitis/2024.1/gnu/aarch64/lin/aarch64-none/bin/../aarch64-xilinx-elf/usr/lib64/libc.a
LOAD /tools/Xilinx/Vitis/2024.1/gnu/aarch64/lin/aarch64-none/bin/../aarch64-xilinx-elf/usr/lib64/libnosys.a
END GROUP
                0x0000000000001000                __stack_size = DEFINED (__stack_size)?__stack_size:0x1000

.text.init      0x000000007fe00300        0x0
 *(.text.init)
                0x000000007fe00300                . = ALIGN (0x10)

.note.gnu.build-id
                0x000000007fe00300       0x30
 *(.note.gnu.build-id)
 .note.gnu.build-id
                0x000000007fe00300       0x24 ./src/init.o
                0x000000007fe00330                . = ALIGN (0x10)
 *fill*         0x000000007fe00324        0xc 

.text           0x000000007fe00330      0x490
 *(.text.unlikely .text.unlikely.*)
 *(.text.startup .text.startup.*)
 *(.text .text.*)
 .text          0x000000007fe00330       0x90 ./src/init.o
                0x000000007fe00330                _start
 .text.io_fence
                0x000000007fe003c0        0xc ./src/main.o
 .text.barrier_handshake
                0x000000007fe003cc      0x14c ./src/main.o
 .text.dekker_lock_device
                0x000000007fe00518       0xa0 ./src/main.o
 .text.dekker_unlock_device
                0x000000007fe005b8       0x44 ./src/main.o
 .text.read_counter_once
                0x000000007fe005fc       0x34 ./src/main.o
 .text.do_increment_atomic
                0x000000007fe00630       0x70 ./src/main.o
 .text.wait_host_refresh_request
                0x000000007fe006a0       0x40 ./src/main.o
 .text.send_refresh_ack
                0x000000007fe006e0       0x38 ./src/main.o
 .text.main     0x000000007fe00718       0xa4 ./src/main.o
                0x000000007fe00718                main
 *(.gnu.linkonce.t.*)
                0x000000007fe007c0                . = ALIGN (0x10)
 *fill*         0x000000007fe007bc        0x4 

.iplt           0x000000007fe007c0        0x0
 .iplt          0x000000007fe007c0        0x0 ./src/init.o

.rela.dyn       0x000000007fe007c0        0x0
 .rela.iplt     0x000000007fe007c0        0x0 ./src/init.o
 .rela.text     0x000000007fe007c0        0x0 ./src/init.o

.rodata         0x000000007fe007c0        0x0
 *(.rdata)
 *(.rodata .rodata.*)
 *(.gnu.linkonce.r.*)
                0x000000007fe007c0                . = ALIGN (0x10)

.data           0x000000007fe007c0        0x0
 *(.data .data.*)
 *(.gnu.linkonce.d.*)
                0x000000007fe007c0                . = ALIGN (0x10)

.igot.plt       0x000000007fe007c0        0x0
 .igot.plt      0x000000007fe007c0        0x0 ./src/init.o

.sdata          0x000000007fe007c0        0x0
                0x000000007fe007c0                . = ALIGN (0x10)
 *(.sdata .sdata.*)
 *(.gnu.linkonce.s.*)
                0x000000007fe007c0                . = ALIGN (0x10)
 *(.srodata .srodata.*)
                0x000000007fe007c0                . = ALIGN (0x10)

.sbss           0x000000007fe007c0        0x0
 *(.sbss .sbss.* .gnu.linkonce.sb.*)
 *(.scommon)
                0x000000007fe007c0                . = ALIGN (0x10)

.bss            0x000000007fe007c0        0x0
                0x000000007fe007c0                __bss_start__ = .
 *(.bss)
                0x000000007fe007c0                __bss_end__ = .
                0x000000007fe007c0                . = ALIGN (0x10)
                0x000000007fe007c0                _end = .

.stack          0x000000007fe007c0     0x1000
                0x000000007fe007c0                _heap_end = .
                0x000000007fe017c0                . = (. + __stack_size)
 *fill*         0x000000007fe007c0     0x1000 
                0x000000007fe017c0                _sp = .
                0x000000007fe017c0                __stack_start__ = .
                0x000000007fe017c0                __alt_stack_pointer = .
OUTPUT(DeviceMem_sharing.elf elf64-littleaarch64)
LOAD linker stubs

.debug_line     0x0000000000000000      0x334
 .debug_line    0x0000000000000000       0x6e ./src/init.o
 .debug_line    0x000000000000006e      0x2c6 ./src/main.o

.debug_line_str
                0x0000000000000000      0x255
 .debug_line_str
                0x0000000000000000       0x5e ./src/init.o
 .debug_line_str
                0x000000000000005e      0x1f7 ./src/main.o
                                        0x2be (size before relaxing)

.debug_info     0x0000000000000000      0x3e0
 .debug_info    0x0000000000000000       0x29 ./src/init.o
 .debug_info    0x0000000000000029      0x3b7 ./src/main.o

.debug_abbrev   0x0000000000000000      0x11b
 .debug_abbrev  0x0000000000000000       0x14 ./src/init.o
 .debug_abbrev  0x0000000000000014      0x107 ./src/main.o

.debug_aranges  0x0000000000000000       0xe0
 .debug_aranges
                0x0000000000000000       0x30 ./src/init.o
 .debug_aranges
                0x0000000000000030       0xb0 ./src/main.o

.debug_str      0x0000000000000000     0x3ef1
 .debug_str     0x0000000000000000       0x6c ./src/init.o
 .debug_str     0x000000000000006c     0x3e85 ./src/main.o
                                       0x3fe0 (size before relaxing)

.debug_rnglists
                0x0000000000000000       0x6a
 .debug_rnglists
                0x0000000000000000       0x6a ./src/main.o

.debug_macro    0x0000000000000000      0xe93
 .debug_macro   0x0000000000000000       0xc0 ./src/main.o
 .debug_macro   0x00000000000000c0      0x96a ./src/main.o
 .debug_macro   0x0000000000000a2a       0x22 ./src/main.o
 .debug_macro   0x0000000000000a4c       0x8e ./src/main.o
 .debug_macro   0x0000000000000ada       0x51 ./src/main.o
 .debug_macro   0x0000000000000b2b       0xfd ./src/main.o
 .debug_macro   0x0000000000000c28       0x6a ./src/main.o
 .debug_macro   0x0000000000000c92      0x1df ./src/main.o
 .debug_macro   0x0000000000000e71       0x22 ./src/main.o

.comment        0x0000000000000000       0x12
 .comment       0x0000000000000000       0x12 ./src/main.o
                                         0x13 (size before relaxing)

.debug_frame    0x0000000000000000      0x168
 .debug_frame   0x0000000000000000      0x168 ./src/main.o
