
Discarded input sections

 .data          0x0000000000000000        0x0 ./src/init.o
 .bss           0x0000000000000000        0x0 ./src/init.o
 .group         0x0000000000000000        0xc ./src/main.o
 .group         0x0000000000000000        0xc ./src/main.o
 .group         0x0000000000000000        0xc ./src/main.o
 .group         0x0000000000000000        0xc ./src/main.o
 .group         0x0000000000000000        0xc ./src/main.o
 .group         0x0000000000000000        0xc ./src/main.o
 .group         0x0000000000000000        0xc ./src/main.o
 .text          0x0000000000000000        0x0 ./src/main.o
 .data          0x0000000000000000        0x0 ./src/main.o
 .bss           0x0000000000000000        0x0 ./src/main.o

Memory Configuration

Name             Origin             Length             Attributes
RAM              0x000000007fe00300 0x0000000000010000 axw !rl
*default*        0x0000000000000000 0xffffffffffffffff

Linker script and memory map

LOAD ./src/init.o
LOAD ./src/main.o
LOAD /tools/Xilinx/Vitis/2024.1/gnu/aarch64/lin/aarch64-none/bin/../aarch64-xilinx-elf/usr/lib64/aarch64-xilinx-elf/12.2.0/libgcc.a
LOAD /tools/Xilinx/Vitis/2024.1/gnu/aarch64/lin/aarch64-none/bin/../aarch64-xilinx-elf/usr/lib64/libg.a
LOAD /tools/Xilinx/Vitis/2024.1/gnu/aarch64/lin/aarch64-none/bin/../aarch64-xilinx-elf/usr/lib64/libc.a
LOAD /tools/Xilinx/Vitis/2024.1/gnu/aarch64/lin/aarch64-none/bin/../aarch64-xilinx-elf/usr/lib64/aarch64-xilinx-elf/12.2.0/libgcc.a
START GROUP
LOAD /tools/Xilinx/Vitis/2024.1/gnu/aarch64/lin/aarch64-none/bin/../aarch64-xilinx-elf/usr/lib64/aarch64-xilinx-elf/12.2.0/libgcc.a
LOAD /tools/Xilinx/Vitis/2024.1/gnu/aarch64/lin/aarch64-none/bin/../aarch64-xilinx-elf/usr/lib64/libc.a
LOAD /tools/Xilinx/Vitis/2024.1/gnu/aarch64/lin/aarch64-none/bin/../aarch64-xilinx-elf/usr/lib64/libnosys.a
END GROUP
                0x0000000000001000                __stack_size = DEFINED (__stack_size)?__stack_size:0x1000

.text.init      0x000000007fe00300        0x0
 *(.text.init)
                0x000000007fe00300                . = ALIGN (0x10)

.note.gnu.build-id
                0x000000007fe00300       0x30
 *(.note.gnu.build-id)
 .note.gnu.build-id
                0x000000007fe00300       0x24 ./src/init.o
                0x000000007fe00330                . = ALIGN (0x10)
 *fill*         0x000000007fe00324        0xc 

.text           0x000000007fe00330      0x120
 *(.text.unlikely .text.unlikely.*)
 *(.text.startup .text.startup.*)
 *(.text .text.*)
 .text          0x000000007fe00330       0x90 ./src/init.o
                0x000000007fe00330                _start
 .text.inc_to_10000
                0x000000007fe003c0       0x60 ./src/main.o
                0x000000007fe003c0                inc_to_10000
 .text.main     0x000000007fe00420       0x2c ./src/main.o
                0x000000007fe00420                main
 *(.gnu.linkonce.t.*)
                0x000000007fe00450                . = ALIGN (0x10)
 *fill*         0x000000007fe0044c        0x4 

.iplt           0x000000007fe00450        0x0
 .iplt          0x000000007fe00450        0x0 ./src/init.o

.rela.dyn       0x000000007fe00450        0x0
 .rela.iplt     0x000000007fe00450        0x0 ./src/init.o
 .rela.text     0x000000007fe00450        0x0 ./src/init.o

.rodata         0x000000007fe00450        0x0
 *(.rdata)
 *(.rodata .rodata.*)
 *(.gnu.linkonce.r.*)
                0x000000007fe00450                . = ALIGN (0x10)

.data           0x000000007fe00450        0x0
 *(.data .data.*)
 *(.gnu.linkonce.d.*)
                0x000000007fe00450                . = ALIGN (0x10)

.igot.plt       0x000000007fe00450        0x0
 .igot.plt      0x000000007fe00450        0x0 ./src/init.o

.sdata          0x000000007fe00450        0x0
                0x000000007fe00450                . = ALIGN (0x10)
 *(.sdata .sdata.*)
 *(.gnu.linkonce.s.*)
                0x000000007fe00450                . = ALIGN (0x10)
 *(.srodata .srodata.*)
                0x000000007fe00450                . = ALIGN (0x10)

.sbss           0x000000007fe00450        0x0
 *(.sbss .sbss.* .gnu.linkonce.sb.*)
 *(.scommon)
                0x000000007fe00450                . = ALIGN (0x10)

.bss            0x000000007fe00450        0x0
                0x000000007fe00450                __bss_start__ = .
 *(.bss)
                0x000000007fe00450                __bss_end__ = .
                0x000000007fe00450                . = ALIGN (0x10)
                0x000000007fe00450                _end = .

.stack          0x000000007fe00450     0x1000
                0x000000007fe00450                _heap_end = .
                0x000000007fe01450                . = (. + __stack_size)
 *fill*         0x000000007fe00450     0x1000 
                0x000000007fe01450                _sp = .
                0x000000007fe01450                __stack_start__ = .
                0x000000007fe01450                __alt_stack_pointer = .
OUTPUT(agilex7-a53-picojpeg.elf elf64-littleaarch64)
LOAD linker stubs

.debug_line     0x0000000000000000      0x141
 .debug_line    0x0000000000000000       0x6e ./src/init.o
 .debug_line    0x000000000000006e       0xd3 ./src/main.o

.debug_line_str
                0x0000000000000000      0x247
 .debug_line_str
                0x0000000000000000       0x5a ./src/init.o
 .debug_line_str
                0x000000000000005a      0x1ed ./src/main.o
                                        0x2ac (size before relaxing)

.debug_info     0x0000000000000000      0x15b
 .debug_info    0x0000000000000000       0x29 ./src/init.o
 .debug_info    0x0000000000000029      0x132 ./src/main.o

.debug_abbrev   0x0000000000000000       0xcc
 .debug_abbrev  0x0000000000000000       0x14 ./src/init.o
 .debug_abbrev  0x0000000000000014       0xb8 ./src/main.o

.debug_aranges  0x0000000000000000       0x70
 .debug_aranges
                0x0000000000000000       0x30 ./src/init.o
 .debug_aranges
                0x0000000000000030       0x40 ./src/main.o

.debug_str      0x0000000000000000     0x3c77
 .debug_str     0x0000000000000000       0x68 ./src/init.o
 .debug_str     0x0000000000000068     0x3c0f ./src/main.o
                                       0x3d58 (size before relaxing)

.debug_rnglists
                0x0000000000000000       0x21
 .debug_rnglists
                0x0000000000000000       0x21 ./src/main.o

.debug_macro    0x0000000000000000      0xe20
 .debug_macro   0x0000000000000000       0x6f ./src/main.o
 .debug_macro   0x000000000000006f      0x96a ./src/main.o
 .debug_macro   0x00000000000009d9       0x22 ./src/main.o
 .debug_macro   0x00000000000009fb       0x8e ./src/main.o
 .debug_macro   0x0000000000000a89       0x51 ./src/main.o
 .debug_macro   0x0000000000000ada       0xfd ./src/main.o
 .debug_macro   0x0000000000000bd7       0x6a ./src/main.o
 .debug_macro   0x0000000000000c41      0x1df ./src/main.o

.comment        0x0000000000000000       0x12
 .comment       0x0000000000000000       0x12 ./src/main.o
                                         0x13 (size before relaxing)

.debug_frame    0x0000000000000000       0x58
 .debug_frame   0x0000000000000000       0x58 ./src/main.o
