
Merging program properties


Discarded input sections

 .data          0x0000000000000000        0x0 ./src/init.o
 .bss           0x0000000000000000        0x0 ./src/init.o
 .group         0x0000000000000000        0xc ./src/main.o
 .group         0x0000000000000000        0xc ./src/main.o
 .group         0x0000000000000000        0xc ./src/main.o
 .group         0x0000000000000000        0xc ./src/main.o
 .group         0x0000000000000000        0xc ./src/main.o
 .group         0x0000000000000000        0xc ./src/main.o
 .group         0x0000000000000000        0xc ./src/main.o
 .group         0x0000000000000000        0xc ./src/main.o
 .text          0x0000000000000000        0x0 ./src/main.o
 .data          0x0000000000000000        0x0 ./src/main.o
 .bss           0x0000000000000000        0x0 ./src/main.o
 .note.gnu.property
                0x0000000000000000        0x0 ./src/main.o

Memory Configuration

Name             Origin             Length             Attributes
RAM              0x000000007fe00300 0x0000000000010000 axw!rl
*default*        0x0000000000000000 0xffffffffffffffff

Linker script and memory map

LOAD ./src/init.o
LOAD ./src/main.o
LOAD /tools/intel/riscfree/toolchain/aarch64-none-elf/bin/../lib/gcc/aarch64-none-elf/15.2.1/libgcc.a
LOAD /tools/intel/riscfree/toolchain/aarch64-none-elf/bin/../lib/gcc/aarch64-none-elf/15.2.1/../../../../aarch64-none-elf/lib/libg.a
LOAD /tools/intel/riscfree/toolchain/aarch64-none-elf/bin/../lib/gcc/aarch64-none-elf/15.2.1/../../../../aarch64-none-elf/lib/libc.a
LOAD /tools/intel/riscfree/toolchain/aarch64-none-elf/bin/../lib/gcc/aarch64-none-elf/15.2.1/libgcc.a
START GROUP
LOAD /tools/intel/riscfree/toolchain/aarch64-none-elf/bin/../lib/gcc/aarch64-none-elf/15.2.1/libgcc.a
LOAD /tools/intel/riscfree/toolchain/aarch64-none-elf/bin/../lib/gcc/aarch64-none-elf/15.2.1/../../../../aarch64-none-elf/lib/libc.a
LOAD /tools/intel/riscfree/toolchain/aarch64-none-elf/bin/../lib/gcc/aarch64-none-elf/15.2.1/../../../../aarch64-none-elf/lib/libnosys.a
END GROUP
                0x0000000000001000                __stack_size = DEFINED (__stack_size)?__stack_size:0x1000

.text.init      0x000000007fe00300        0x0
 *(.text.init)
                0x000000007fe00300                . = ALIGN (0x10)

.note.gnu.build-id
                0x000000007fe00300        0x0
 *(.note.gnu.build-id)
                0x000000007fe00300                . = ALIGN (0x10)

.text           0x000000007fe00300      0x350
 *(.text.unlikely .text.unlikely.*)
 *(.text.startup .text.startup.*)
 *(.text .text.*)
 .text          0x000000007fe00300       0x90 ./src/init.o
                0x000000007fe00300                _start
 .text.io_fence
                0x000000007fe00390        0xc ./src/main.o
 .text.device_handshake_initiate
                0x000000007fe0039c      0x108 ./src/main.o
 .text.peterson_lock_device
                0x000000007fe004a4       0x7c ./src/main.o
 .text.peterson_unlock_device
                0x000000007fe00520       0x2c ./src/main.o
 .text.do_increment_atomic
                0x000000007fe0054c       0x74 ./src/main.o
 .text.main     0x000000007fe005c0       0x84 ./src/main.o
                0x000000007fe005c0                main
 *(.gnu.linkonce.t.*)
                0x000000007fe00650                . = ALIGN (0x10)
 *fill*         0x000000007fe00644        0xc 

.iplt           0x000000007fe00650        0x0
 .iplt          0x000000007fe00650        0x0 ./src/init.o

.rela.dyn       0x000000007fe00650        0x0
 .rela.iplt     0x000000007fe00650        0x0 ./src/init.o
 .rela.text     0x000000007fe00650        0x0 ./src/init.o

.rodata         0x000000007fe00650        0x0
 *(.rdata)
 *(.rodata .rodata.*)
 *(.gnu.linkonce.r.*)
                0x000000007fe00650                . = ALIGN (0x10)

.data           0x000000007fe00650        0x0
 *(.data .data.*)
 *(.gnu.linkonce.d.*)
                0x000000007fe00650                . = ALIGN (0x10)

.igot.plt       0x000000007fe00650        0x0
 .igot.plt      0x000000007fe00650        0x0 ./src/init.o

.sdata          0x000000007fe00650        0x0
                0x000000007fe00650                . = ALIGN (0x10)
 *(.sdata .sdata.*)
 *(.gnu.linkonce.s.*)
                0x000000007fe00650                . = ALIGN (0x10)
 *(.srodata .srodata.*)
                0x000000007fe00650                . = ALIGN (0x10)

.sbss           0x000000007fe00650        0x0
 *(.sbss .sbss.* .gnu.linkonce.sb.*)
 *(.scommon)
                0x000000007fe00650                . = ALIGN (0x10)

.bss            0x000000007fe00650        0x0
                0x000000007fe00650                __bss_start__ = .
 *(.bss)
                0x000000007fe00650                __bss_end__ = .
                0x000000007fe00650                . = ALIGN (0x10)
                0x000000007fe00650                _end = .

.stack          0x000000007fe00650     0x1000
                0x000000007fe00650                _heap_end = .
                0x000000007fe01650                . = (. + __stack_size)
 *fill*         0x000000007fe00650     0x1000 
                0x000000007fe01650                _sp = .
                0x000000007fe01650                __stack_start__ = .
                0x000000007fe01650                __alt_stack_pointer = .
OUTPUT(HostMem_sharing.elf elf64-littleaarch64)
LOAD linker stubs

.debug_line     0x0000000000000000      0x25d
 .debug_line    0x0000000000000000       0x6e ./src/init.o
 .debug_line    0x000000000000006e      0x1ef ./src/main.o

.debug_line_str
                0x0000000000000000      0x1ed
 .debug_line_str
                0x0000000000000000      0x1ed ./src/init.o
                                         0x50 (size before relaxing)
 .debug_line_str
                0x00000000000001ed        0x0 ./src/main.o
                                        0x248 (size before relaxing)

.debug_info     0x0000000000000000      0x2de
 .debug_info    0x0000000000000000       0x29 ./src/init.o
 .debug_info    0x0000000000000029      0x2b5 ./src/main.o

.debug_abbrev   0x0000000000000000      0x111
 .debug_abbrev  0x0000000000000000       0x14 ./src/init.o
 .debug_abbrev  0x0000000000000014       0xfd ./src/main.o

.debug_aranges  0x0000000000000000       0xb0
 .debug_aranges
                0x0000000000000000       0x30 ./src/init.o
 .debug_aranges
                0x0000000000000030       0x80 ./src/main.o

.debug_str      0x0000000000000000     0x48e1
 .debug_str     0x0000000000000000     0x48e1 ./src/init.o
                                         0x5e (size before relaxing)
 .debug_str     0x00000000000048e1        0x0 ./src/main.o
                                       0x49d2 (size before relaxing)

.debug_rnglists
                0x0000000000000000       0x4b
 .debug_rnglists
                0x0000000000000000       0x4b ./src/main.o

.debug_macro    0x0000000000000000     0x107f
 .debug_macro   0x0000000000000000       0xb4 ./src/main.o
 .debug_macro   0x00000000000000b4      0xb62 ./src/main.o
 .debug_macro   0x0000000000000c16       0x22 ./src/main.o
 .debug_macro   0x0000000000000c38       0x8e ./src/main.o
 .debug_macro   0x0000000000000cc6       0x51 ./src/main.o
 .debug_macro   0x0000000000000d17       0xfd ./src/main.o
 .debug_macro   0x0000000000000e14       0x6a ./src/main.o
 .debug_macro   0x0000000000000e7e      0x1df ./src/main.o
 .debug_macro   0x000000000000105d       0x22 ./src/main.o

.comment        0x0000000000000000       0x45
 .comment       0x0000000000000000       0x45 ./src/main.o
                                         0x46 (size before relaxing)

.debug_frame    0x0000000000000000       0xf0
 .debug_frame   0x0000000000000000       0xf0 ./src/main.o
