
Merging program properties


Discarded input sections

 .data          0x0000000000000000        0x0 ./src/init.o
 .bss           0x0000000000000000        0x0 ./src/init.o
 .group         0x0000000000000000        0xc ./src/main.o
 .group         0x0000000000000000        0xc ./src/main.o
 .group         0x0000000000000000        0xc ./src/main.o
 .group         0x0000000000000000        0xc ./src/main.o
 .group         0x0000000000000000        0xc ./src/main.o
 .group         0x0000000000000000        0xc ./src/main.o
 .group         0x0000000000000000        0xc ./src/main.o
 .group         0x0000000000000000        0xc ./src/main.o
 .text          0x0000000000000000        0x0 ./src/main.o
 .data          0x0000000000000000        0x0 ./src/main.o
 .bss           0x0000000000000000        0x0 ./src/main.o
 .note.gnu.property
                0x0000000000000000        0x0 ./src/main.o

Memory Configuration

Name             Origin             Length             Attributes
RAM              0x000000007fe00300 0x0000000000010000 axw!rl
*default*        0x0000000000000000 0xffffffffffffffff

Linker script and memory map

LOAD ./src/init.o
LOAD ./src/main.o
LOAD /tools/intel/riscfree/toolchain/aarch64-none-elf/bin/../lib/gcc/aarch64-none-elf/15.2.1/libgcc.a
LOAD /tools/intel/riscfree/toolchain/aarch64-none-elf/bin/../lib/gcc/aarch64-none-elf/15.2.1/../../../../aarch64-none-elf/lib/libg.a
LOAD /tools/intel/riscfree/toolchain/aarch64-none-elf/bin/../lib/gcc/aarch64-none-elf/15.2.1/../../../../aarch64-none-elf/lib/libc.a
LOAD /tools/intel/riscfree/toolchain/aarch64-none-elf/bin/../lib/gcc/aarch64-none-elf/15.2.1/libgcc.a
START GROUP
LOAD /tools/intel/riscfree/toolchain/aarch64-none-elf/bin/../lib/gcc/aarch64-none-elf/15.2.1/libgcc.a
LOAD /tools/intel/riscfree/toolchain/aarch64-none-elf/bin/../lib/gcc/aarch64-none-elf/15.2.1/../../../../aarch64-none-elf/lib/libc.a
LOAD /tools/intel/riscfree/toolchain/aarch64-none-elf/bin/../lib/gcc/aarch64-none-elf/15.2.1/../../../../aarch64-none-elf/lib/libnosys.a
END GROUP
                0x0000000000001000                __stack_size = DEFINED (__stack_size)?__stack_size:0x1000

.text.init      0x000000007fe00300        0x0
 *(.text.init)
                0x000000007fe00300                . = ALIGN (0x10)

.note.gnu.build-id
                0x000000007fe00300        0x0
 *(.note.gnu.build-id)
                0x000000007fe00300                . = ALIGN (0x10)

.text           0x000000007fe00300      0x4a0
 *(.text.unlikely .text.unlikely.*)
 *(.text.startup .text.startup.*)
 *(.text .text.*)
 .text          0x000000007fe00300       0x90 ./src/init.o
                0x000000007fe00300                _start
 .text.io_fence
                0x000000007fe00390        0xc ./src/main.o
 .text.barrier_handshake
                0x000000007fe0039c      0x150 ./src/main.o
 .text.dekker_lock_device
                0x000000007fe004ec       0xa0 ./src/main.o
 .text.dekker_unlock_device
                0x000000007fe0058c       0x44 ./src/main.o
 .text.read_counter_once
                0x000000007fe005d0       0x34 ./src/main.o
 .text.do_increment_atomic
                0x000000007fe00604       0x70 ./src/main.o
 .text.wait_host_refresh_request
                0x000000007fe00674       0x40 ./src/main.o
 .text.send_refresh_ack
                0x000000007fe006b4       0x38 ./src/main.o
 .text.main     0x000000007fe006ec       0xa8 ./src/main.o
                0x000000007fe006ec                main
 *(.gnu.linkonce.t.*)
                0x000000007fe007a0                . = ALIGN (0x10)
 *fill*         0x000000007fe00794        0xc 

.iplt           0x000000007fe007a0        0x0
 .iplt          0x000000007fe007a0        0x0 ./src/init.o

.rela.dyn       0x000000007fe007a0        0x0
 .rela.iplt     0x000000007fe007a0        0x0 ./src/init.o
 .rela.text     0x000000007fe007a0        0x0 ./src/init.o

.rodata         0x000000007fe007a0        0x0
 *(.rdata)
 *(.rodata .rodata.*)
 *(.gnu.linkonce.r.*)
                0x000000007fe007a0                . = ALIGN (0x10)

.data           0x000000007fe007a0        0x0
 *(.data .data.*)
 *(.gnu.linkonce.d.*)
                0x000000007fe007a0                . = ALIGN (0x10)

.igot.plt       0x000000007fe007a0        0x0
 .igot.plt      0x000000007fe007a0        0x0 ./src/init.o

.sdata          0x000000007fe007a0        0x0
                0x000000007fe007a0                . = ALIGN (0x10)
 *(.sdata .sdata.*)
 *(.gnu.linkonce.s.*)
                0x000000007fe007a0                . = ALIGN (0x10)
 *(.srodata .srodata.*)
                0x000000007fe007a0                . = ALIGN (0x10)

.sbss           0x000000007fe007a0        0x0
 *(.sbss .sbss.* .gnu.linkonce.sb.*)
 *(.scommon)
                0x000000007fe007a0                . = ALIGN (0x10)

.bss            0x000000007fe007a0        0x0
                0x000000007fe007a0                __bss_start__ = .
 *(.bss)
                0x000000007fe007a0                __bss_end__ = .
                0x000000007fe007a0                . = ALIGN (0x10)
                0x000000007fe007a0                _end = .

.stack          0x000000007fe007a0     0x1000
                0x000000007fe007a0                _heap_end = .
                0x000000007fe017a0                . = (. + __stack_size)
 *fill*         0x000000007fe007a0     0x1000 
                0x000000007fe017a0                _sp = .
                0x000000007fe017a0                __stack_start__ = .
                0x000000007fe017a0                __alt_stack_pointer = .
OUTPUT(DeviceMem_sharing.elf elf64-littleaarch64)
LOAD linker stubs

.debug_line     0x0000000000000000      0x32c
 .debug_line    0x0000000000000000       0x6e ./src/init.o
 .debug_line    0x000000000000006e      0x2be ./src/main.o

.debug_line_str
                0x0000000000000000      0x203
 .debug_line_str
                0x0000000000000000      0x203 ./src/init.o
                                         0x66 (size before relaxing)
 .debug_line_str
                0x0000000000000203        0x0 ./src/main.o
                                        0x274 (size before relaxing)

.debug_info     0x0000000000000000      0x3e0
 .debug_info    0x0000000000000000       0x29 ./src/init.o
 .debug_info    0x0000000000000029      0x3b7 ./src/main.o

.debug_abbrev   0x0000000000000000      0x11b
 .debug_abbrev  0x0000000000000000       0x14 ./src/init.o
 .debug_abbrev  0x0000000000000014      0x107 ./src/main.o

.debug_aranges  0x0000000000000000       0xe0
 .debug_aranges
                0x0000000000000000       0x30 ./src/init.o
 .debug_aranges
                0x0000000000000030       0xb0 ./src/main.o

.debug_str      0x0000000000000000     0x4983
 .debug_str     0x0000000000000000     0x4983 ./src/init.o
                                         0x74 (size before relaxing)
 .debug_str     0x0000000000004983        0x0 ./src/main.o
                                       0x4a6a (size before relaxing)

.debug_rnglists
                0x0000000000000000       0x6a
 .debug_rnglists
                0x0000000000000000       0x6a ./src/main.o

.debug_macro    0x0000000000000000     0x108b
 .debug_macro   0x0000000000000000       0xc0 ./src/main.o
 .debug_macro   0x00000000000000c0      0xb62 ./src/main.o
 .debug_macro   0x0000000000000c22       0x22 ./src/main.o
 .debug_macro   0x0000000000000c44       0x8e ./src/main.o
 .debug_macro   0x0000000000000cd2       0x51 ./src/main.o
 .debug_macro   0x0000000000000d23       0xfd ./src/main.o
 .debug_macro   0x0000000000000e20       0x6a ./src/main.o
 .debug_macro   0x0000000000000e8a      0x1df ./src/main.o
 .debug_macro   0x0000000000001069       0x22 ./src/main.o

.comment        0x0000000000000000       0x45
 .comment       0x0000000000000000       0x45 ./src/main.o
                                         0x46 (size before relaxing)

.debug_frame    0x0000000000000000      0x168
 .debug_frame   0x0000000000000000      0x168 ./src/main.o
